// Jest Snapshot v1, https://goo.gl/fbAQLP

exports[`App integration test test initial render 1`] = `
<div
  class="app"
>
  <header
    class="app-header"
  >
    <h1>
      React Select Highlighter
    </h1>
  </header>
  <section
    class="app-content"
  >
    <textarea
      class="form-textfield mb-3"
      placeholder="Enter text"
    >
      defaultText
    </textarea>
    <div
      class="row mb-3"
    >
      <div
        class="col"
      >
        <div
          class="btn-toggle-group"
          data-testid="btn-group-selector"
        >
          <button
            class="btn btn btn--primary btn--md btn--primary"
          >
            red
          </button>
          <button
            class="btn btn btn--primary btn--md btn--primary"
          >
            green
          </button>
          <button
            class="btn btn btn--primary btn--md btn--primary"
          >
            yellow
          </button>
        </div>
      </div>
      <div
        class="col d-flex"
      >
        <button
          class="btn btn btn--outline btn--primary ml-auto btn--md btn--primary"
        >
          Eraser
        </button>
        <button
          class="btn btn btn--outline btn--secondary ml-2 btn--md btn--primary"
        >
          Reset
        </button>
      </div>
    </div>
    <article
      class="highlighter"
    >
      defaultText
    </article>
    <h4>
      Filters:
    </h4>
    <div
      class="btn-toggle-group mb-3"
      data-testid="btn-group-filter"
    >
      <button
        class="btn btn btn--outline btn--md btn--primary"
      >
        red
      </button>
      <button
        class="btn btn btn--outline btn--md btn--primary"
      >
        green
      </button>
      <button
        class="btn btn btn--outline btn--md btn--primary"
      >
        yellow
      </button>
    </div>
  </section>
</div>
`;
